Microchip MPLAB XC8 Compiler V1.34 ()

Linker command line:

--edf=/opt/microchip/xc8/v1.34/dat/en_msgs.txt -cs \
  -h+dist/default/production/LineCamera.X.production.sym \
  --cmf=dist/default/production/LineCamera.X.production.cmf -z -Q18F26K80 \
  -o/tmp/cgthrD5OL -Mdist/default/production/LineCamera.X.production.map \
  -E1 -ver=XC8 -ASTACK=060h-0cc0h -pstack=STACK -ACODE=00h-0FFFFh \
  -ACONST=00h-0FFFFh -ASMALLCONST=0F00h-0FFFhx241 \
  -AMEDIUMCONST=0F00h-0FFFFh -ACOMRAM=01h-05Fh -AABS1=00h-0E40h \
  -ABIGRAM=01h-0E40h -ARAM=060h-0FFh,0100h-01FFhx13,0E00h-0E40h \
  -ABANK0=060h-0FFh -ABANK1=0100h-01FFh -ABANK2=0200h-02FFh \
  -ABANK3=0300h-03FFh -ABANK4=0400h-04FFh -ABANK5=0500h-05FFh \
  -ABANK6=0600h-06FFh -ABANK7=0700h-07FFh -ABANK8=0800h-08FFh \
  -ABANK9=0900h-09FFh -ABANK10=0A00h-0AFFh -ABANK11=0B00h-0BFFh \
  -ABANK12=0C00h-0CFFh -ABANK13=0D00h-0DFFh -ABANK14=0E00h-0E40h \
  -ASFR=0E41h-0EFFh,0F00h-0F5Fh,0F60h-0FFFh \
  -preset_vec=00h,intcode=08h,intcodelo=018h,powerup,init,end_init \
  -pramtop=0F00h -psmallconst=SMALLCONST -pmediumconst=MEDIUMCONST \
  -pconst=CONST -AFARRAM=00h-00h -ACONFIG=0300000h-030000Dh -pconfig=CONFIG \
  -AIDLOC=0200000h-0200007h -pidloc=IDLOC -AEEDATA=0F00000h-0F003FFh \
  -peeprom_data=EEDATA \
  -prdata=COMRAM,nvrram=COMRAM,nvbit=COMRAM,rbss=COMRAM,rbit=COMRAM \
  -pfarbss=FARRAM,fardata=FARRAM,nvFARRAM=FARRAM \
  -pintsave_regs=BIGRAM,bigbss=BIGRAM,bigdata=BIGRAM -pbss=RAM \
  -pidata=CODE,irdata=CODE,ibigdata=CODE,ifardata=CODE -prparam=COMRAM \
  /tmp/cgtiLr1T2.obj dist/default/production/LineCamera.X.production.obj 

Object code version is 3.11

Machine type is 18F26K80

Call graph: (short form)




                Name                               Link     Load   Length Selector   Space Scale
/tmp/cgtiLr1T2.obj
                end_init                             C0       C0        4        C       0
                reset_vec                             0        0        4        0       0
                idloc                            200000   200000        8   200000       0
                config                           300000   300000        E   300000       0
dist/default/production/LineCamera.X.production.obj
                intcodelo                            18       18       A8        C       0
                intcode                               8        8       10        4       0
                text9                               38E      38E       1C        C       0
                text8                               31E      31E       28        C       0
                text7                               29A      29A       52        C       0
                text6                               3AA      3AA       16        C       0
                text5                               3C0      3C0       12        C       0
                text4                                C4       C4       C6        C       0
                text3                               346      346       26        C       0
                text2                               2EC      2EC       32        C       0
                text1                               18A      18A       A8        C       0
                text0                               3D2      3D2       10        C       0
                cstackCOMRAM                          1        1       34        1       1
                bssBIGRAM                           CC1      CC1      180      CC1       1
                bssCOMRAM                            35       35        4        1       1
                cinit                               36C      36C       22        C       0
                intcode_body                        232      232       68        C       0

TOTAL           Name                               Link     Load   Length     Space
        CLASS   STACK          

        CLASS   CODE           
                end_init                             C0       C0        4         0
                intcodelo                            18       18       A8         0
                intcode                               8        8       10         0
                reset_vec                             0        0        4         0
                text9                               38E      38E       1C         0
                text8                               31E      31E       28         0
                text7                               29A      29A       52         0
                text6                               3AA      3AA       16         0
                text5                               3C0      3C0       12         0
                text4                                C4       C4       C6         0
                text3                               346      346       26         0
                text2                               2EC      2EC       32         0
                text1                               18A      18A       A8         0
                text0                               3D2      3D2       10         0
                cinit                               36C      36C       22         0
                intcode_body                        232      232       68         0

        CLASS   CONST          

        CLASS   SMALLCONST     

        CLASS   MEDIUMCONST    

        CLASS   COMRAM         
                cstackCOMRAM                          1        1       34         1
                bssCOMRAM                            35       35        4         1

        CLASS   ABS1           

        CLASS   BIGRAM         
                bssBIGRAM                           CC1      CC1      180         1

        CLASS   RAM            

        CLASS   BANK0          

        CLASS   BANK1          

        CLASS   BANK2          

        CLASS   BANK3          

        CLASS   BANK4          

        CLASS   BANK5          

        CLASS   BANK6          

        CLASS   BANK7          

        CLASS   BANK8          

        CLASS   BANK9          

        CLASS   BANK10         

        CLASS   BANK11         

        CLASS   BANK12         

        CLASS   BANK13         

        CLASS   BANK14         

        CLASS   SFR            

        CLASS   FARRAM         

        CLASS   CONFIG         
                config                           300000   300000        E         0

        CLASS   IDLOC          
                idloc                            200000   200000        8         0

        CLASS   EEDATA         



SEGMENTS        Name                           Load    Length   Top    Selector   Space  Class

                reset_vec                      000000  000004  000004         0       0  CODE    
                cstackCOMRAM                   000001  000038  000039         1       1  COMRAM  
                intcode                        000008  000010  000018         4       0  CODE    
                intcodelo                      000018  0003CA  0003E2         C       0  CODE    
                bssBIGRAM                      000CC1  000180  000E41       CC1       1  BIGRAM  
                idloc                          200000  000008  200008    200000       0  IDLOC   
                config                         300000  00000E  30000E    300000       0  CONFIG  


UNUSED ADDRESS RANGES

        Name                Unused          Largest block    Delta
        BANK0            000060-0000FF               A0
        BANK1            000100-0001FF              100
        BANK10           000A00-000AFF              100
        BANK11           000B00-000BFF              100
        BANK12           000C00-000CC0               C1
        BANK2            000200-0002FF              100
        BANK3            000300-0003FF              100
        BANK4            000400-0004FF              100
        BANK5            000500-0005FF              100
        BANK6            000600-0006FF              100
        BANK7            000700-0007FF              100
        BANK8            000800-0008FF              100
        BANK9            000900-0009FF              100
        BIGRAM           000039-000CC0              C88
        CODE             000004-000007                4
                         0003E2-00FFFF             FC1E
        COMRAM           000039-00005F               27
        CONST            000004-000007                4
                         0003E2-00FFFF             FC1E
        EEDATA           F00000-F003FF              400
        MEDIUMCONST      000F00-00FFFF             F100
        RAM              000060-000CC0              100
        SFR              000E41-000FFF               BF
        SMALLCONST       000F00-00FFFF              100
        STACK            000060-000CC0              C61

                                  Symbol Table

?___ftpack               cstackCOMRAM 000020
?___lwtoft               cstackCOMRAM 000028
?_readADC                cstackCOMRAM 000020
_ADON                    (abs)        007E10
_ADRESH                  (abs)        000FC4
_ADRESL                  (abs)        000FC3
_ANSEL1                  (abs)        007AE9
_ANSEL2                  (abs)        007AEA
_ANSEL3                  (abs)        007AEB
_BAUDCON2                (abs)        000FB9
_CCP2M2                  (abs)        007A82
_CCP2M3                  (abs)        007A83
_CCP3M2                  (abs)        007A6A
_CCP3M3                  (abs)        007A6B
_CCP4M2                  (abs)        007A52
_CCP4M3                  (abs)        007A53
_CCPR2L                  (abs)        000F51
_CCPR3L                  (abs)        000F4E
_CCPR4L                  (abs)        000F4B
_CHS0                    (abs)        007E12
_DC2B0                   (abs)        007A84
_DC2B1                   (abs)        007A85
_DC3B0                   (abs)        007A6C
_DC3B1                   (abs)        007A6D
_DC4B0                   (abs)        007A54
_DC4B1                   (abs)        007A55
_GIE                     (abs)        007F97
_GO_nDONE                (abs)        007E11
_INTCONbits              (abs)        000FF2
_PEIE                    (abs)        007F96
_PIE3bits                (abs)        000FA3
_PIR3bits                (abs)        000FA4
_PR2                     (abs)        000FCB
_PSA                     (abs)        007EAB
_RA0                     (abs)        007C00
_RA1                     (abs)        007C01
_RC2IF                   (abs)        007D25
_RCONbits                (abs)        000FD0
_RCSTA2bits              (abs)        000FA6
_RX2_ISR                 intcode      000008
_SPBRG2                  (abs)        000F7B
_SPBRGH2                 (abs)        000F7C
_T08BIT                  (abs)        007EAE
_T0CS                    (abs)        007EAD
_T0IE                    (abs)        007F95
_T0IF                    (abs)        007F92
_T0PS0                   (abs)        007EA8
_T0PS1                   (abs)        007EA9
_T0PS2                   (abs)        007EAA
_T2CKPS0                 (abs)        007E50
_T2CKPS1                 (abs)        007E51
_TMR0                    (abs)        000FD6
_TMR0IE                  (abs)        007F95
_TMR0IP                  (abs)        007F8A
_TMR2ON                  (abs)        007E52
_TRIGSEL0                (abs)        007E0E
_TRIGSEL1                (abs)        007E0F
_TRISBbits               (abs)        000F93
_TRISC                   (abs)        000F94
_TXREG2                  (abs)        000F79
_TXSTA2bits              (abs)        000FBA
_Timer0_ISR              intcodelo    000018
_VCFG0                   (abs)        007E0C
_VCFG1                   (abs)        007E0D
_VNCFG                   (abs)        007E0B
__CFG_BBSIZ$BB2K         (abs)        000000
__CFG_BOREN$SBORDIS      (abs)        000000
__CFG_BORPWR$ZPBORMV     (abs)        000000
__CFG_BORV$3             (abs)        000000
__CFG_CANMX$PORTB        (abs)        000000
__CFG_CP0$OFF            (abs)        000000
__CFG_CP1$OFF            (abs)        000000
__CFG_CP2$OFF            (abs)        000000
__CFG_CP3$OFF            (abs)        000000
__CFG_CPB$OFF            (abs)        000000
__CFG_CPD$OFF            (abs)        000000
__CFG_EBTR0$OFF          (abs)        000000
__CFG_EBTR1$OFF          (abs)        000000
__CFG_EBTR2$OFF          (abs)        000000
__CFG_EBTR3$OFF          (abs)        000000
__CFG_EBTRB$OFF          (abs)        000000
__CFG_FCMEN$OFF          (abs)        000000
__CFG_FOSC$INTIO2        (abs)        000000
__CFG_IESO$OFF           (abs)        000000
__CFG_INTOSCSEL$HIGH     (abs)        000000
__CFG_MCLRE$OFF          (abs)        000000
__CFG_MSSPMSK$MSK7       (abs)        000000
__CFG_PLLCFG$OFF         (abs)        000000
__CFG_PWRTEN$OFF         (abs)        000000
__CFG_RETEN$OFF          (abs)        000000
__CFG_SOSCSEL$DIG        (abs)        000000
__CFG_STVREN$ON          (abs)        000000
__CFG_WDTEN$OFF          (abs)        000000
__CFG_WDTPS$1048576      (abs)        000000
__CFG_WRT0$OFF           (abs)        000000
__CFG_WRT1$OFF           (abs)        000000
__CFG_WRT2$OFF           (abs)        000000
__CFG_WRT3$OFF           (abs)        000000
__CFG_WRTB$OFF           (abs)        000000
__CFG_WRTC$OFF           (abs)        000000
__CFG_WRTD$OFF           (abs)        000000
__CFG_XINST$OFF          (abs)        000000
__HRAM                   (abs)        000000
__Habs1                  abs1         000000
__Hbank0                 bank0        000000
__Hbank1                 bank1        000000
__Hbank10                bank10       000000
__Hbank11                bank11       000000
__Hbank12                bank12       000000
__Hbank13                bank13       000000
__Hbank14                bank14       000000
__Hbank2                 bank2        000000
__Hbank3                 bank3        000000
__Hbank4                 bank4        000000
__Hbank5                 bank5        000000
__Hbank6                 bank6        000000
__Hbank7                 bank7        000000
__Hbank8                 bank8        000000
__Hbank9                 bank9        000000
__Hbigbss                bigbss       000000
__Hbigdata               bigdata      000000
__Hbigram                bigram       000000
__Hbss                   bss          000000
__HbssBIGRAM             bssBIGRAM    000000
__HbssCOMRAM             bssCOMRAM    000000
__Hcinit                 cinit        000000
__Hclrtext               clrtext      000000
__Hcomram                comram       000000
__Hconfig                config       30000E
__Hconst                 const        000000
__HcstackCOMRAM          cstackCOMRAM 000000
__Hdata                  data         000000
__Heeprom_data           eeprom_data  000000
__Hend_init              end_init     0000C4
__Hfarbss                farbss       000000
__Hfardata               fardata      000000
__Hibigdata              ibigdata     000000
__Hidata                 idata        000000
__Hidloc                 idloc        200008
__Hifardata              ifardata     000000
__Hinit                  init         0000C0
__Hintcode               intcode      000018
__Hintcode_body          intcode_body 000000
__Hintcodelo             intcodelo    0000C0
__Hintentry              intentry     000000
__Hintret                intret       000000
__Hintsave_regs          intsave_regs 000000
__Hirdata                irdata       000000
__Hmediumconst           mediumconst  000000
__HnvFARRAM              nvFARRAM     000000
__Hnvbit                 nvbit        000000
__Hnvrram                nvrram       000000
__Hparam                 rparam       000000
__Hpowerup               powerup      0000C0
__Hram                   ram          000000
__Hramtop                ramtop       000F00
__Hrbit                  rbit         000000
__Hrbss                  rbss         000000
__Hrdata                 rdata        000000
__Hreset_vec             reset_vec    000004
__Hrparam                rparam       000000
__Hsfr                   sfr          000000
__Hsmallconst            smallconst   000000
__Hspace_0               (abs)        30000E
__Hspace_1               (abs)        000E41
__Hspace_2               (abs)        000000
__Hstack                 stack        000000
__Hstruct                struct       000000
__Htemp                  temp         000000
__Htext                  text         000000
__Htext0                 text0        000000
__Htext1                 text1        000000
__Htext2                 text2        000000
__Htext3                 text3        000000
__Htext4                 text4        000000
__Htext5                 text5        000000
__Htext6                 text6        000000
__Htext7                 text7        000000
__Htext8                 text8        000000
__Htext9                 text9        000000
__LRAM                   (abs)        000001
__Labs1                  abs1         000000
__Lbank0                 bank0        000000
__Lbank1                 bank1        000000
__Lbank10                bank10       000000
__Lbank11                bank11       000000
__Lbank12                bank12       000000
__Lbank13                bank13       000000
__Lbank14                bank14       000000
__Lbank2                 bank2        000000
__Lbank3                 bank3        000000
__Lbank4                 bank4        000000
__Lbank5                 bank5        000000
__Lbank6                 bank6        000000
__Lbank7                 bank7        000000
__Lbank8                 bank8        000000
__Lbank9                 bank9        000000
__Lbigbss                bigbss       000000
__Lbigdata               bigdata      000000
__Lbigram                bigram       000000
__Lbss                   bss          000000
__LbssBIGRAM             bssBIGRAM    000000
__LbssCOMRAM             bssCOMRAM    000000
__Lcinit                 cinit        000000
__Lclrtext               clrtext      000000
__Lcomram                comram       000000
__Lconfig                config       300000
__Lconst                 const        000000
__LcstackCOMRAM          cstackCOMRAM 000000
__Ldata                  data         000000
__Leeprom_data           eeprom_data  000000
__Lend_init              end_init     0000C0
__Lfarbss                farbss       000000
__Lfardata               fardata      000000
__Libigdata              ibigdata     000000
__Lidata                 idata        000000
__Lidloc                 idloc        200000
__Lifardata              ifardata     000000
__Linit                  init         0000C0
__Lintcode               intcode      000008
__Lintcode_body          intcode_body 000000
__Lintcodelo             intcodelo    000018
__Lintentry              intentry     000000
__Lintret                intret       000000
__Lintsave_regs          intsave_regs 000000
__Lirdata                irdata       000000
__Lmediumconst           mediumconst  000000
__LnvFARRAM              nvFARRAM     000000
__Lnvbit                 nvbit        000000
__Lnvrram                nvrram       000000
__Lparam                 rparam       000000
__Lpowerup               powerup      0000C0
__Lram                   ram          000000
__Lramtop                ramtop       000F00
__Lrbit                  rbit         000000
__Lrbss                  rbss         000000
__Lrdata                 rdata        000000
__Lreset_vec             reset_vec    000000
__Lrparam                rparam       000000
__Lsfr                   sfr          000000
__Lsmallconst            smallconst   000000
__Lspace_0               (abs)        000000
__Lspace_1               (abs)        000000
__Lspace_2               (abs)        000000
__Lstack                 stack        000000
__Lstruct                struct       000000
__Ltemp                  temp         000000
__Ltext                  text         000000
__Ltext0                 text0        000000
__Ltext1                 text1        000000
__Ltext2                 text2        000000
__Ltext3                 text3        000000
__Ltext4                 text4        000000
__Ltext5                 text5        000000
__Ltext6                 text6        000000
__Ltext7                 text7        000000
__Ltext8                 text8        000000
__Ltext9                 text9        000000
__S0                     (abs)        30000E
__S1                     (abs)        000E41
__S2                     (abs)        000000
___ftpack                text4        0000C4
___ftpack@arg            cstackCOMRAM 000020
___ftpack@exp            cstackCOMRAM 000023
___ftpack@sign           cstackCOMRAM 000024
___inthi_sp              stack        000000
___intlo_sp              stack        000000
___lwtoft                text3        000346
___lwtoft@c              cstackCOMRAM 000028
___param_bank            (abs)        000010
___rparam_used           (abs)        000001
___sp                    stack        000000
__accesstop              (abs)        000060
__activetblptr           (abs)        000000
__end_of_RX2_ISR         intcode_body 00029A
__end_of_Timer0_ISR      intcodelo    0000C0
__end_of___ftpack        text4        00018A
__end_of___lwtoft        text3        00036C
__end_of__initialization cinit        000388
__end_of_initADC         text9        0003AA
__end_of_initComms       text8        000346
__end_of_initPWM         text7        0002EC
__end_of_initTimer0      text6        0003C0
__end_of_initialisation  text5        0003D2
__end_of_main            text0        0003E2
__end_of_readADC         text2        00031E
__end_of_readLine        text1        000232
__initialization         cinit        00036C
__mediumconst            mediumconst  000000
__pbssBIGRAM             bssBIGRAM    000CC1
__pbssCOMRAM             bssCOMRAM    000035
__pcinit                 cinit        00036C
__pcstackCOMRAM          cstackCOMRAM 000001
__pintcode               intcode      000008
__pintcode_body          intcode_body 000232
__pintcodelo             intcodelo    000018
__ptext0                 text0        0003D2
__ptext1                 text1        00018A
__ptext2                 text2        0002EC
__ptext3                 text3        000346
__ptext4                 text4        0000C4
__ptext5                 text5        0003C0
__ptext6                 text6        0003AA
__ptext7                 text7        00029A
__ptext8                 text8        00031E
__ptext9                 text9        00038E
__ramtop                 ramtop       000F00
__size_of_RX2_ISR        (abs)        000000
__size_of_Timer0_ISR     (abs)        000000
__size_of___ftpack       (abs)        000000
__size_of___lwtoft       (abs)        000000
__size_of_initADC        (abs)        000000
__size_of_initComms      (abs)        000000
__size_of_initPWM        (abs)        000000
__size_of_initTimer0     (abs)        000000
__size_of_initialisation (abs)        000000
__size_of_main           (abs)        000000
__size_of_readADC        (abs)        000000
__size_of_readLine       (abs)        000000
__smallconst             smallconst   000000
_initADC                 text9        00038E
_initComms               text8        00031E
_initPWM                 text7        00029A
_initTimer0              text6        0003AA
_initialisation          text5        0003C0
_line                    bssBIGRAM    000CC1
_main                    text0        0003D2
_millis                  bssCOMRAM    000035
_readADC                 text2        0002EC
_readLine                text1        00018A
end_of_initialization    cinit        000388
int_func                 intcode_body 000232
intlevel0                text         000000
intlevel1                text         000000
intlevel2                text         000000
intlevel3                text         000000
readADC@tempo            cstackCOMRAM 000024
readLine@capture_finie   cstackCOMRAM 00002B
readLine@compteur        cstackCOMRAM 00002F
readLine@index_pixel     cstackCOMRAM 00002E
readLine@tempo           cstackCOMRAM 00002C
stackhi                  (abs)        000CC0
stacklo                  (abs)        000060
start                    init         0000C0
start_initialization     cinit        00036C


FUNCTION INFORMATION:

 *************** function _main *****************
 Defined at:
		line 91 in file "main.c"
 Parameters:    Size  Location     Type
  argc            2   47[COMRAM] int 
  argv            3   49[COMRAM] PTR PTR unsigned char 
 Auto vars:     Size  Location     Type
		None
 Return value:  Size  Location     Type
                  2   47[COMRAM] int 
 Registers used:
		wreg, fsr2l, fsr2h, status,2, status,0, prodl, prodh, cstack
 Tracked objects:
		On entry : 
		On exit  : 
		Unchanged: 
 Data sizes:     COMRAM   BANK0   BANK1   BANK2   BANK3   BANK4   BANK5   BANK6   BANK7   BANK8   BANK9  BANK10  BANK11  BANK12  BANK13  BANK14
      Params:         5       0       0       0       0       0       0       0       0       0       0       0       0       0       0       0
      Locals:         0       0       0       0       0       0       0       0       0       0       0       0       0       0       0       0
      Temps:          0       0       0       0       0       0       0       0       0       0       0       0       0       0       0       0
      Totals:         5       0       0       0       0       0       0       0       0       0       0       0       0       0       0       0
Total ram usage:        5 bytes
 Hardware stack levels required when called:    5
 This function calls:
		_initialisation
		_readLine
 This function is called by:
		Startup code after reset
 This function uses a non-reentrant model


 *************** function _readLine *****************
 Defined at:
		line 128 in file "main.c"
 Parameters:    Size  Location     Type
		None
 Auto vars:     Size  Location     Type
  tempo           2   43[COMRAM] unsigned int 
  compteur        1   46[COMRAM] unsigned char 
  index_pixel     1   45[COMRAM] unsigned char 
  capture_fini    1   42[COMRAM] unsigned char 
 Return value:  Size  Location     Type
		None               void
 Registers used:
		wreg, fsr2l, fsr2h, status,2, status,0, prodl, prodh, cstack
 Tracked objects:
		On entry : 
		On exit  : 
		Unchanged: 
 Data sizes:     COMRAM   BANK0   BANK1   BANK2   BANK3   BANK4   BANK5   BANK6   BANK7   BANK8   BANK9  BANK10  BANK11  BANK12  BANK13  BANK14
      Params:         0       0       0       0       0       0       0       0       0       0       0       0       0       0       0       0
      Locals:         5       0       0       0       0       0       0       0       0       0       0       0       0       0       0       0
      Temps:          0       0       0       0       0       0       0       0       0       0       0       0       0       0       0       0
      Totals:         5       0       0       0       0       0       0       0       0       0       0       0       0       0       0       0
Total ram usage:        5 bytes
 Hardware stack levels used:    1
 Hardware stack levels required when called:    4
 This function calls:
		___lwtoft
		_readADC
 This function is called by:
		_main
 This function uses a non-reentrant model


 *************** function _readADC *****************
 Defined at:
		line 117 in file "main.c"
 Parameters:    Size  Location     Type
		None
 Auto vars:     Size  Location     Type
  tempo           1   35[COMRAM] unsigned char 
 Return value:  Size  Location     Type
                  2   31[COMRAM] unsigned int 
 Registers used:
		wreg, status,2, status,0
 Tracked objects:
		On entry : 
		On exit  : 
		Unchanged: 
 Data sizes:     COMRAM   BANK0   BANK1   BANK2   BANK3   BANK4   BANK5   BANK6   BANK7   BANK8   BANK9  BANK10  BANK11  BANK12  BANK13  BANK14
      Params:         2       0       0       0       0       0       0       0       0       0       0       0       0       0       0       0
      Locals:         1       0       0       0       0       0       0       0       0       0       0       0       0       0       0       0
      Temps:          2       0       0       0       0       0       0       0       0       0       0       0       0       0       0       0
      Totals:         5       0       0       0       0       0       0       0       0       0       0       0       0       0       0       0
Total ram usage:        5 bytes
 Hardware stack levels used:    1
 Hardware stack levels required when called:    2
 This function calls:
		Nothing
 This function is called by:
		_readLine
 This function uses a non-reentrant model


 *************** function ___lwtoft *****************
 Defined at:
		line 28 in file "/opt/microchip/xc8/v1.34/sources/common/lwtoft.c"
 Parameters:    Size  Location     Type
  c               2   39[COMRAM] unsigned int 
 Auto vars:     Size  Location     Type
		None
 Return value:  Size  Location     Type
                  3   39[COMRAM] float 
 Registers used:
		wreg, status,2, status,0, cstack
 Tracked objects:
		On entry : 
		On exit  : 
		Unchanged: 
 Data sizes:     COMRAM   BANK0   BANK1   BANK2   BANK3   BANK4   BANK5   BANK6   BANK7   BANK8   BANK9  BANK10  BANK11  BANK12  BANK13  BANK14
      Params:         3       0       0       0       0       0       0       0       0       0       0       0       0       0       0       0
      Locals:         0       0       0       0       0       0       0       0       0       0       0       0       0       0       0       0
      Temps:          0       0       0       0       0       0       0       0       0       0       0       0       0       0       0       0
      Totals:         3       0       0       0       0       0       0       0       0       0       0       0       0       0       0       0
Total ram usage:        3 bytes
 Hardware stack levels used:    1
 Hardware stack levels required when called:    3
 This function calls:
		___ftpack
 This function is called by:
		_readLine
 This function uses a non-reentrant model


 *************** function ___ftpack *****************
 Defined at:
		line 62 in file "/opt/microchip/xc8/v1.34/sources/common/float.c"
 Parameters:    Size  Location     Type
  arg             3   31[COMRAM] unsigned um
  exp             1   34[COMRAM] unsigned char 
  sign            1   35[COMRAM] unsigned char 
 Auto vars:     Size  Location     Type
		None
 Return value:  Size  Location     Type
                  3   31[COMRAM] float 
 Registers used:
		wreg, status,2, status,0
 Tracked objects:
		On entry : 
		On exit  : 
		Unchanged: 
 Data sizes:     COMRAM   BANK0   BANK1   BANK2   BANK3   BANK4   BANK5   BANK6   BANK7   BANK8   BANK9  BANK10  BANK11  BANK12  BANK13  BANK14
      Params:         5       0       0       0       0       0       0       0       0       0       0       0       0       0       0       0
      Locals:         0       0       0       0       0       0       0       0       0       0       0       0       0       0       0       0
      Temps:          3       0       0       0       0       0       0       0       0       0       0       0       0       0       0       0
      Totals:         8       0       0       0       0       0       0       0       0       0       0       0       0       0       0       0
Total ram usage:        8 bytes
 Hardware stack levels used:    1
 Hardware stack levels required when called:    2
 This function calls:
		Nothing
 This function is called by:
		___lwtoft
 This function uses a non-reentrant model


 *************** function _initialisation *****************
 Defined at:
		line 3 in file "init.c"
 Parameters:    Size  Location     Type
		None
 Auto vars:     Size  Location     Type
		None
 Return value:  Size  Location     Type
		None               void
 Registers used:
		wreg, status,2, status,0, cstack
 Tracked objects:
		On entry : 
		On exit  : 
		Unchanged: 
 Data sizes:     COMRAM   BANK0   BANK1   BANK2   BANK3   BANK4   BANK5   BANK6   BANK7   BANK8   BANK9  BANK10  BANK11  BANK12  BANK13  BANK14
      Params:         0       0       0       0       0       0       0       0       0       0       0       0       0       0       0       0
      Locals:         0       0       0       0       0       0       0       0       0       0       0       0       0       0       0       0
      Temps:          0       0       0       0       0       0       0       0       0       0       0       0       0       0       0       0
      Totals:         0       0       0       0       0       0       0       0       0       0       0       0       0       0       0       0
Total ram usage:        0 bytes
 Hardware stack levels used:    1
 Hardware stack levels required when called:    3
 This function calls:
		_initADC
		_initComms
		_initPWM
		_initTimer0
 This function is called by:
		_main
 This function uses a non-reentrant model


 *************** function _initTimer0 *****************
 Defined at:
		line 114 in file "init.c"
 Parameters:    Size  Location     Type
		None
 Auto vars:     Size  Location     Type
		None
 Return value:  Size  Location     Type
		None               void
 Registers used:
		None
 Tracked objects:
		On entry : 
		On exit  : 
		Unchanged: 
 Data sizes:     COMRAM   BANK0   BANK1   BANK2   BANK3   BANK4   BANK5   BANK6   BANK7   BANK8   BANK9  BANK10  BANK11  BANK12  BANK13  BANK14
      Params:         0       0       0       0       0       0       0       0       0       0       0       0       0       0       0       0
      Locals:         0       0       0       0       0       0       0       0       0       0       0       0       0       0       0       0
      Temps:          0       0       0       0       0       0       0       0       0       0       0       0       0       0       0       0
      Totals:         0       0       0       0       0       0       0       0       0       0       0       0       0       0       0       0
Total ram usage:        0 bytes
 Hardware stack levels used:    1
 Hardware stack levels required when called:    2
 This function calls:
		Nothing
 This function is called by:
		_initialisation
 This function uses a non-reentrant model


 *************** function _initPWM *****************
 Defined at:
		line 24 in file "init.c"
 Parameters:    Size  Location     Type
		None
 Auto vars:     Size  Location     Type
		None
 Return value:  Size  Location     Type
		None               void
 Registers used:
		wreg, status,2, status,0
 Tracked objects:
		On entry : 
		On exit  : 
		Unchanged: 
 Data sizes:     COMRAM   BANK0   BANK1   BANK2   BANK3   BANK4   BANK5   BANK6   BANK7   BANK8   BANK9  BANK10  BANK11  BANK12  BANK13  BANK14
      Params:         0       0       0       0       0       0       0       0       0       0       0       0       0       0       0       0
      Locals:         0       0       0       0       0       0       0       0       0       0       0       0       0       0       0       0
      Temps:          0       0       0       0       0       0       0       0       0       0       0       0       0       0       0       0
      Totals:         0       0       0       0       0       0       0       0       0       0       0       0       0       0       0       0
Total ram usage:        0 bytes
 Hardware stack levels used:    1
 Hardware stack levels required when called:    2
 This function calls:
		Nothing
 This function is called by:
		_initialisation
 This function uses a non-reentrant model


 *************** function _initComms *****************
 Defined at:
		line 66 in file "init.c"
 Parameters:    Size  Location     Type
		None
 Auto vars:     Size  Location     Type
		None
 Return value:  Size  Location     Type
		None               void
 Registers used:
		wreg, status,2
 Tracked objects:
		On entry : 
		On exit  : 
		Unchanged: 
 Data sizes:     COMRAM   BANK0   BANK1   BANK2   BANK3   BANK4   BANK5   BANK6   BANK7   BANK8   BANK9  BANK10  BANK11  BANK12  BANK13  BANK14
      Params:         0       0       0       0       0       0       0       0       0       0       0       0       0       0       0       0
      Locals:         0       0       0       0       0       0       0       0       0       0       0       0       0       0       0       0
      Temps:          0       0       0       0       0       0       0       0       0       0       0       0       0       0       0       0
      Totals:         0       0       0       0       0       0       0       0       0       0       0       0       0       0       0       0
Total ram usage:        0 bytes
 Hardware stack levels used:    1
 Hardware stack levels required when called:    2
 This function calls:
		Nothing
 This function is called by:
		_initialisation
 This function uses a non-reentrant model


 *************** function _initADC *****************
 Defined at:
		line 94 in file "init.c"
 Parameters:    Size  Location     Type
		None
 Auto vars:     Size  Location     Type
		None
 Return value:  Size  Location     Type
		None               void
 Registers used:
		None
 Tracked objects:
		On entry : 
		On exit  : 
		Unchanged: 
 Data sizes:     COMRAM   BANK0   BANK1   BANK2   BANK3   BANK4   BANK5   BANK6   BANK7   BANK8   BANK9  BANK10  BANK11  BANK12  BANK13  BANK14
      Params:         0       0       0       0       0       0       0       0       0       0       0       0       0       0       0       0
      Locals:         0       0       0       0       0       0       0       0       0       0       0       0       0       0       0       0
      Temps:          0       0       0       0       0       0       0       0       0       0       0       0       0       0       0       0
      Totals:         0       0       0       0       0       0       0       0       0       0       0       0       0       0       0       0
Total ram usage:        0 bytes
 Hardware stack levels used:    1
 Hardware stack levels required when called:    2
 This function calls:
		Nothing
 This function is called by:
		_initialisation
 This function uses a non-reentrant model


 *************** function _Timer0_ISR *****************
 Defined at:
		line 7 in file "interrupts.c"
 Parameters:    Size  Location     Type
		None
 Auto vars:     Size  Location     Type
		None
 Return value:  Size  Location     Type
		None               void
 Registers used:
		wreg, status,2, status,0
 Tracked objects:
		On entry : 
		On exit  : 
		Unchanged: 
 Data sizes:     COMRAM   BANK0   BANK1   BANK2   BANK3   BANK4   BANK5   BANK6   BANK7   BANK8   BANK9  BANK10  BANK11  BANK12  BANK13  BANK14
      Params:         0       0       0       0       0       0       0       0       0       0       0       0       0       0       0       0
      Locals:         0       0       0       0       0       0       0       0       0       0       0       0       0       0       0       0
      Temps:         17       0       0       0       0       0       0       0       0       0       0       0       0       0       0       0
      Totals:        17       0       0       0       0       0       0       0       0       0       0       0       0       0       0       0
Total ram usage:       17 bytes
 Hardware stack levels used:    1
 Hardware stack levels required when called:    1
 This function calls:
		Nothing
 This function is called by:
		Interrupt level 1
 This function uses a non-reentrant model


 *************** function _RX2_ISR *****************
 Defined at:
		line 25 in file "interrupts.c"
 Parameters:    Size  Location     Type
		None
 Auto vars:     Size  Location     Type
		None
 Return value:  Size  Location     Type
		None               void
 Registers used:
		None
 Tracked objects:
		On entry : 
		On exit  : 
		Unchanged: 
 Data sizes:     COMRAM   BANK0   BANK1   BANK2   BANK3   BANK4   BANK5   BANK6   BANK7   BANK8   BANK9  BANK10  BANK11  BANK12  BANK13  BANK14
      Params:         0       0       0       0       0       0       0       0       0       0       0       0       0       0       0       0
      Locals:         0       0       0       0       0       0       0       0       0       0       0       0       0       0       0       0
      Temps:         14       0       0       0       0       0       0       0       0       0       0       0       0       0       0       0
      Totals:        14       0       0       0       0       0       0       0       0       0       0       0       0       0       0       0
Total ram usage:       14 bytes
 Hardware stack levels used:    1
 This function calls:
		Nothing
 This function is called by:
		Interrupt level 2
 This function uses a non-reentrant model



MODULE INFORMATION

Module		Function		Class		Link	Load	Size
interrupts.c
		_Timer0_ISR    		CODE           	0018	0000	169
		_RX2_ISR       		CODE           	0008	0000	121

interrupts.c estimated size: 290

/opt/microchip/xc8/v1.34/sources/common/float.c
		___ftpack      		CODE           	00C4	0000	199

/opt/microchip/xc8/v1.34/sources/common/float.c estimated size: 199

/opt/microchip/xc8/v1.34/sources/common/lwtoft.c
		___lwtoft      		CODE           	0346	0000	39

/opt/microchip/xc8/v1.34/sources/common/lwtoft.c estimated size: 39

shared
		__initializatio		CODE           	036C	0000	29

shared estimated size: 29

init.c
		_initialisation		CODE           	03C0	0000	19
		_initTimer0    		CODE           	03AA	0000	23
		_initPWM       		CODE           	029A	0000	83
		_initADC       		CODE           	038E	0000	29
		_initComms     		CODE           	031E	0000	41

init.c estimated size: 195

main.c
		_readLine      		CODE           	018A	0000	169
		_main          		CODE           	03D2	0000	17
		_readADC       		CODE           	02EC	0000	51

main.c estimated size: 237

